 * Serving Flask app 'app'
 * Debug mode: on
[31m[1mWARNING: This is a development server. Do not use it in a production deployment. Use a production WSGI server instead.[0m
 * Running on http://127.0.0.1:8080
[33mPress CTRL+C to quit[0m
 * Restarting with stat
 * Debugger is active!
 * Debugger PIN: 125-323-979
Fatal Python error: init_sys_streams: can't initialize sys standard streams
Python runtime state: core initialized
OSError: [Errno 9] Bad file descriptor

Current thread 0x00000001f0386c40 (most recent call first):
  <no Python frame>
Traceback (most recent call last):
  File "/Users/mayank/Documents/sem 6/Hack O Week/Week 1/app.py", line 74, in <module>
    app.run(host='127.0.0.1', port=8080, debug=True)
  File "/Users/mayank/Documents/sem 6/Hack O Week/Week 1/.venv/lib/python3.12/site-packages/flask/app.py", line 662, in run
    run_simple(t.cast(str, host), port, self, **options)
  File "/Users/mayank/Documents/sem 6/Hack O Week/Week 1/.venv/lib/python3.12/site-packages/werkzeug/serving.py", line 1115, in run_simple
    run_with_reloader(
  File "/Users/mayank/Documents/sem 6/Hack O Week/Week 1/.venv/lib/python3.12/site-packages/werkzeug/_reloader.py", line 453, in run_with_reloader
    ensure_echo_on()
  File "/Users/mayank/Documents/sem 6/Hack O Week/Week 1/.venv/lib/python3.12/site-packages/werkzeug/_reloader.py", line 433, in ensure_echo_on
    termios.tcsetattr(sys.stdin, termios.TCSANOW, attributes)
termios.error: (4, 'Interrupted system call')
/Library/Frameworks/Python.framework/Versions/3.12/lib/python3.12/multiprocessing/resource_tracker.py:123: UserWarning: resource_tracker: process died unexpectedly, relaunching.  Some resources might leak.
  warnings.warn('resource_tracker: process died unexpectedly, '
Fatal Python error: init_sys_streams: can't initialize sys standard streams
Python runtime state: core initialized
OSError: [Errno 9] Bad file descriptor

Current thread 0x00000001f0386c40 (most recent call first):
  <no Python frame>
